// Jest Snapshot v1, https://goo.gl/fbAQLP

exports[`should match the snapshot after data has been loaded 1`] = `
<Fragment>
  <Breadcrumbs>
    <Breadcrumb
      elementType={[Function]}
      to="/"
    >
      Home
    </Breadcrumb>
    <Breadcrumb
      elementType={[Function]}
      to="/users"
    >
      Users
    </Breadcrumb>
    <Breadcrumb
      elementType="a"
    >
      Vernita Green
    </Breadcrumb>
  </Breadcrumbs>
  <PageHeader
    heading="Vernita Green"
  />
  <Grid
    elementType="div"
    gutter="standard"
    horizontalAlignment="left"
    reverse={false}
    verticalAlignment="top"
  >
    <GridItem
      aria-busy={false}
      cols={12}
      elementType="div"
      md={9}
    >
      <Panel
        variant="supporting"
      >
        <UserStatus
          user={
            Object {
              "blocked": true,
              "email_address": "vernita.green@gmail.com",
              "email_verified": true,
              "first_name": "Vernita",
              "id": 2,
              "last_name": "Green",
              "user_id": "usr_5457edea1b8f33391a000002",
            }
          }
        />
        <p>
          User: 
          Vernita
           
          Green
        </p>
        <UnlockUser
          id={2}
          isLocked={true}
          onError={[Function]}
          onToggleLock={[Function]}
        />
        <Link
          to="/users/2/delete"
        >
          Delete user
        </Link>
      </Panel>
    </GridItem>
  </Grid>
</Fragment>
`;

exports[`should show error message when fetch returns 401 error 1`] = `
<Fragment>
  <Breadcrumbs>
    <Breadcrumb
      elementType={[Function]}
      to="/"
    >
      Home
    </Breadcrumb>
    <Breadcrumb
      elementType={[Function]}
      to="/users"
    >
      Users
    </Breadcrumb>
    <Breadcrumb
      elementType="a"
    >
      Error
    </Breadcrumb>
  </Breadcrumbs>
  <PageHeader
    heading="Error"
  />
  <ErrorMessage
    error={[FetchError: invalid json response body at / reason: Unexpected end of JSON input]}
  />
</Fragment>
`;

exports[`should show error message when fetch returns 500 error 1`] = `
<Fragment>
  <Breadcrumbs>
    <Breadcrumb
      elementType={[Function]}
      to="/"
    >
      Home
    </Breadcrumb>
    <Breadcrumb
      elementType={[Function]}
      to="/users"
    >
      Users
    </Breadcrumb>
    <Breadcrumb
      elementType="a"
    >
      Error
    </Breadcrumb>
  </Breadcrumbs>
  <PageHeader
    heading="Error"
  />
  <ErrorMessage
    error={[FetchError: invalid json response body at / reason: Unexpected end of JSON input]}
  />
</Fragment>
`;
